
> jess@0.0.0 build
> tsc && vite build

[36mvite v7.3.1 [32mbuilding client environment for production...[36m[39m
transforming...
[32mΓ£ô[39m 33 modules transformed.
node.exe : [31mΓ£ù[39m Build failed in 720ms
At C:\Program Files\nodejs\npm.ps1:29 char:3
+   & $NODE_EXE $NPM_CLI_JS $args
+   ~~~~~~~~~~~~~~~~~~~~~~~~~~~~~
    + CategoryInfo          : NotSpecified: ([31mΓ£ù[39m Build fai 
   led in 720ms:String) [], RemoteException
    + FullyQualifiedErrorId : NativeCommandError
 
[31merror during build:
[31m[vite]: Rollup failed to resolve import "pdfjs-dist" from 
"C:/Users/user/Desktop/self study/vibe 
selangor/Jessie/jess/src/components/AssignmentScanner.jsx".
This is most likely unintended because it can break your application 
at runtime.
If you do want to externalize this module explicitly add it to
`build.rollupOptions.external`[31m
    at viteLog (file:///C:/Users/user/Desktop/self%20study/vibe%20sel
angor/Jessie/jess/node_modules/vite/dist/node/chunks/config.js:33635:
57)
    at file:///C:/Users/user/Desktop/self%20study/vibe%20selangor/Jes
sie/jess/node_modules/vite/dist/node/chunks/config.js:33669:73
    at onwarn (file:///C:/Users/user/Desktop/self%20study/vibe%20sela
ngor/Jessie/jess/node_modules/@vitejs/plugin-react/dist/index.js:76:7
)
    at file:///C:/Users/user/Desktop/self%20study/vibe%20selangor/Jes
sie/jess/node_modules/vite/dist/node/chunks/config.js:33669:28
    at onRollupLog (file:///C:/Users/user/Desktop/self%20study/vibe%2
0selangor/Jessie/jess/node_modules/vite/dist/node/chunks/config.js:33
664:63)
    at onLog (file:///C:/Users/user/Desktop/self%20study/vibe%20selan
gor/Jessie/jess/node_modules/vite/dist/node/chunks/config.js:33467:4)
    at file:///C:/Users/user/Desktop/self%20study/vibe%20selangor/Jes
sie/jess/node_modules/rollup/dist/es/shared/node-entry.js:20958:32
    at Object.logger [as onLog] (file:///C:/Users/user/Desktop/self%2
0study/vibe%20selangor/Jessie/jess/node_modules/rollup/dist/es/shared
/node-entry.js:22945:9)
    at ModuleLoader.handleInvalidResolvedId (file:///C:/Users/user/De
sktop/self%20study/vibe%20selangor/Jessie/jess/node_modules/rollup/di
st/es/shared/node-entry.js:21689:26)
    at file:///C:/Users/user/Desktop/self%20study/vibe%20selangor/Jes
sie/jess/node_modules/rollup/dist/es/shared/node-entry.js:21647:26[3
9m
